******************************************************************************
                  TI ARM Linker PC v18.1.4                     
******************************************************************************
>> Linked Sun Feb 17 20:48:33 2019

OUTPUT FILE NAME:   <temp_sensor.out>
ENTRY POINT SYMBOL: "_c_int00_noinit_noargs"  address: 00000535


MEMORY CONFIGURATION

         name            origin    length      used     unused   attr    fill
----------------------  --------  ---------  --------  --------  ----  --------
  FLASH                 00000000   00040000  00000612  0003f9ee  R  X
  SRAM                  20000000   00008000  00000200  00007e00  RW X


SEGMENT ALLOCATION MAP

run origin  load origin   length   init length attrs members
----------  ----------- ---------- ----------- ----- -------
00000000    00000000    00000612   00000612    r-x
  00000000    00000000    0000026c   0000026c    r-- .intvecs
  0000026c    0000026c    000003a6   000003a6    r-x .text
20000000    20000000    00000200   00000000    rw-
  20000000    20000000    00000200   00000000    rw- .stack


SECTION ALLOCATION MAP

 output                                  attributes/
section   page    origin      length       input sections
--------  ----  ----------  ----------   ----------------
.intvecs   0    00000000    0000026c     
                  00000000    0000026c     tm4c123gh6pm_startup_ccs.obj (.intvecs)

.text      0    0000026c    000003a6     
                  0000026c    000000f4     driverlib.lib : sysctl.obj (.text:SysCtlClockSet)
                  00000360    000000d4     main.obj (.text)
                  00000434    0000007a     driverlib.lib : adc.obj (.text:ADCSequenceStepConfigure)
                  000004ae    00000050                   : adc.obj (.text:ADCSequenceConfigure)
                  000004fe    00000002     --HOLE-- [fill = 0]
                  00000500    00000034                   : sysctl.obj (.text:SysCtlPeripheralEnable)
                  00000534    00000030     rtsv7M4_T_le_v4SPD16_eabi.lib : boot_cortex_m.c.obj (.text:_c_int00_noinit_noargs:_c_int00_noinit_noargs)
                  00000564    0000002e     driverlib.lib : adc.obj (.text:ADCIntStatus)
                  00000592    0000001e                   : adc.obj (.text:ADCSequenceDataGet)
                  000005b0    00000018                   : adc.obj (.text:ADCClockConfigSet)
                  000005c8    00000018                   : adc.obj (.text:ADCProcessorTrigger)
                  000005e0    0000000e                   : adc.obj (.text:ADCSequenceEnable)
                  000005ee    0000000c     tm4c123gh6pm_startup_ccs.obj (.text)
                  000005fa    0000000a     driverlib.lib : adc.obj (.text:ADCIntClear)
                  00000604    00000006                   : sysctl.obj (.text:SysCtlDelay)
                  0000060a    00000004     rtsv7M4_T_le_v4SPD16_eabi.lib : pre_init.c.obj (.text:_system_pre_init)
                  0000060e    00000004                                   : exit.c.obj (.text:abort:abort)

.cinit     0    00000000    00000000     UNINITIALIZED

.init_array 
*          0    00000000    00000000     UNINITIALIZED

.stack     0    20000000    00000200     UNINITIALIZED
                  20000000    00000004     rtsv7M4_T_le_v4SPD16_eabi.lib : boot_cortex_m.c.obj (.stack)
                  20000004    000001fc     --HOLE--

MODULE SUMMARY

       Module                         code   ro data   rw data
       ------                         ----   -------   -------
    .\
       tm4c123gh6pm_startup_ccs.obj   12     620       0      
       main.obj                       212    0         0      
    +--+------------------------------+------+---------+---------+
       Total:                         224    620       0      
                                                              
    C:/ti/TivaWare_C_Series-2.1.4.178/driverlib/ccs/Debug/driverlib.lib
       adc.obj                        350    0         0      
       sysctl.obj                     302    0         0      
    +--+------------------------------+------+---------+---------+
       Total:                         652    0         0      
                                                              
    C:\ti\ccsv8\tools\compiler\ti-cgt-arm_18.1.4.LTS\lib\rtsv7M4_T_le_v4SPD16_eabi.lib
       boot_cortex_m.c.obj            48     0         0      
       exit.c.obj                     4      0         0      
       pre_init.c.obj                 4      0         0      
    +--+------------------------------+------+---------+---------+
       Total:                         56     0         0      
                                                              
       Stack:                         0      0         512    
    +--+------------------------------+------+---------+---------+
       Grand Total:                   932    620       512    


GLOBAL SYMBOLS: SORTED ALPHABETICALLY BY Name 

address   name                    
-------   ----                    
000005b1  ADCClockConfigSet       
000005fb  ADCIntClear             
00000565  ADCIntStatus            
000005c9  ADCProcessorTrigger     
000004af  ADCSequenceConfigure    
00000593  ADCSequenceDataGet      
000005e1  ADCSequenceEnable       
00000435  ADCSequenceStepConfigure
0000060f  C$$EXIT                 
000005ef  ResetISR                
0000026d  SysCtlClockSet          
00000605  SysCtlDelay             
00000501  SysCtlPeripheralEnable  
20000200  __STACK_END             
00000200  __STACK_SIZE            
20000200  __STACK_TOP             
ffffffff  __TI_pprof_out_hndl     
ffffffff  __TI_prof_data_size     
ffffffff  __TI_prof_data_start    
00000000  __TI_static_base__      
ffffffff  __binit__               
ffffffff  __c_args__              
UNDEFED   __mpu_init              
20000000  __stack                 
00000535  _c_int00_noinit_noargs  
0000060b  _system_pre_init        
0000060f  abort                   
ffffffff  binit                   
00000000  g_pfnVectors            
00000361  main                    


GLOBAL SYMBOLS: SORTED BY Symbol Address 

address   name                    
-------   ----                    
00000000  __TI_static_base__      
00000000  g_pfnVectors            
00000200  __STACK_SIZE            
0000026d  SysCtlClockSet          
00000361  main                    
00000435  ADCSequenceStepConfigure
000004af  ADCSequenceConfigure    
00000501  SysCtlPeripheralEnable  
00000535  _c_int00_noinit_noargs  
00000565  ADCIntStatus            
00000593  ADCSequenceDataGet      
000005b1  ADCClockConfigSet       
000005c9  ADCProcessorTrigger     
000005e1  ADCSequenceEnable       
000005ef  ResetISR                
000005fb  ADCIntClear             
00000605  SysCtlDelay             
0000060b  _system_pre_init        
0000060f  C$$EXIT                 
0000060f  abort                   
20000000  __stack                 
20000200  __STACK_END             
20000200  __STACK_TOP             
ffffffff  __TI_pprof_out_hndl     
ffffffff  __TI_prof_data_size     
ffffffff  __TI_prof_data_start    
ffffffff  __binit__               
ffffffff  __c_args__              
ffffffff  binit                   
UNDEFED   __mpu_init              

[30 symbols]
